---
source: src/lib.rs
expression: "Seed::fixed()"
---
"AAAAAAAAAAAAAAAAAAAAAAAAAAAAAAAAAAAAAAAAAAA=".parse::<Seed>().unwrap()
